1.549 play
10.606 key Z
10.933 key i
11.192 key m
12.491 key b
12.670 key a
12.969 key b
13.220 key w
13.545 key e
14.256 enter
15.362 key r
15.693 key o
15.908 key m
16.060 key a
17.115 key r
17.310 key i
17.549 key n
18.384 enter
19.688 key f
19.934 key u
20.124 key s
20.339 back
20.775 key c
21.070 key h
21.415 key s
21.659 key i
21.914 key a
22.732 enter
23.802 key E
24.054 key s
24.272 key p
25.337 key a
25.667 key g
25.899 key n
26.235 key e
26.852 enter
28.209 key J
28.492 key e
29.575 key a
29.729 key n
30.360 enter
31.765 done
